Archive member included because of file (symbol)

c:/siliconlabs/simplicitystudio/v3/developer/toolchains/gnu_arm/4.8_2013q4/bin/../lib/gcc/arm-none-eabi/4.8.3/armv7-m\libgcc.a(unwind-arm.o)
                              ./system/src/newlib/_cxx.o (__aeabi_unwind_cpp_pr1)
c:/siliconlabs/simplicitystudio/v3/developer/toolchains/gnu_arm/4.8_2013q4/bin/../lib/gcc/arm-none-eabi/4.8.3/armv7-m\libgcc.a(libunwind.o)
                              c:/siliconlabs/simplicitystudio/v3/developer/toolchains/gnu_arm/4.8_2013q4/bin/../lib/gcc/arm-none-eabi/4.8.3/armv7-m\libgcc.a(unwind-arm.o) (restore_core_regs)
c:/siliconlabs/simplicitystudio/v3/developer/toolchains/gnu_arm/4.8_2013q4/bin/../lib/gcc/arm-none-eabi/4.8.3/armv7-m\libgcc.a(pr-support.o)
                              c:/siliconlabs/simplicitystudio/v3/developer/toolchains/gnu_arm/4.8_2013q4/bin/../lib/gcc/arm-none-eabi/4.8.3/armv7-m\libgcc.a(unwind-arm.o) (__gnu_unwind_execute)
c:/siliconlabs/simplicitystudio/v3/developer/toolchains/gnu_arm/4.8_2013q4/bin/../lib/gcc/arm-none-eabi/4.8.3/../../../../arm-none-eabi/lib/armv7-m\libg_s.a(lib_a-ctype_.o)
                              ./system/src/newlib/_syscalls.o (__ctype_ptr__)
c:/siliconlabs/simplicitystudio/v3/developer/toolchains/gnu_arm/4.8_2013q4/bin/../lib/gcc/arm-none-eabi/4.8.3/../../../../arm-none-eabi/lib/armv7-m\libg_s.a(lib_a-errno.o)
                              ./system/src/newlib/_sbrk.o (__errno)
c:/siliconlabs/simplicitystudio/v3/developer/toolchains/gnu_arm/4.8_2013q4/bin/../lib/gcc/arm-none-eabi/4.8.3/../../../../arm-none-eabi/lib/armv7-m\libg_s.a(lib_a-findfp.o)
                              ./system/src/newlib/_syscalls.o (__sinit)
c:/siliconlabs/simplicitystudio/v3/developer/toolchains/gnu_arm/4.8_2013q4/bin/../lib/gcc/arm-none-eabi/4.8.3/../../../../arm-none-eabi/lib/armv7-m\libg_s.a(lib_a-fwalk.o)
                              c:/siliconlabs/simplicitystudio/v3/developer/toolchains/gnu_arm/4.8_2013q4/bin/../lib/gcc/arm-none-eabi/4.8.3/../../../../arm-none-eabi/lib/armv7-m\libg_s.a(lib_a-findfp.o) (_fwalk)
c:/siliconlabs/simplicitystudio/v3/developer/toolchains/gnu_arm/4.8_2013q4/bin/../lib/gcc/arm-none-eabi/4.8.3/../../../../arm-none-eabi/lib/armv7-m\libg_s.a(lib_a-impure.o)
                              c:/siliconlabs/simplicitystudio/v3/developer/toolchains/gnu_arm/4.8_2013q4/bin/../lib/gcc/arm-none-eabi/4.8.3/../../../../arm-none-eabi/lib/armv7-m\libg_s.a(lib_a-findfp.o) (_global_impure_ptr)
c:/siliconlabs/simplicitystudio/v3/developer/toolchains/gnu_arm/4.8_2013q4/bin/../lib/gcc/arm-none-eabi/4.8.3/../../../../arm-none-eabi/lib/armv7-m\libg_s.a(lib_a-memcpy-stub.o)
                              c:/siliconlabs/simplicitystudio/v3/developer/toolchains/gnu_arm/4.8_2013q4/bin/../lib/gcc/arm-none-eabi/4.8.3/armv7-m\libgcc.a(unwind-arm.o) (memcpy)
c:/siliconlabs/simplicitystudio/v3/developer/toolchains/gnu_arm/4.8_2013q4/bin/../lib/gcc/arm-none-eabi/4.8.3/../../../../arm-none-eabi/lib/armv7-m\libg_s.a(lib_a-memset.o)
                              ./system/src/newlib/_syscalls.o (memset)
c:/siliconlabs/simplicitystudio/v3/developer/toolchains/gnu_arm/4.8_2013q4/bin/../lib/gcc/arm-none-eabi/4.8.3/../../../../arm-none-eabi/lib/armv7-m\libg_s.a(lib_a-nano-mallocr.o)
                              c:/siliconlabs/simplicitystudio/v3/developer/toolchains/gnu_arm/4.8_2013q4/bin/../lib/gcc/arm-none-eabi/4.8.3/../../../../arm-none-eabi/lib/armv7-m\libg_s.a(lib_a-findfp.o) (_malloc_r)
c:/siliconlabs/simplicitystudio/v3/developer/toolchains/gnu_arm/4.8_2013q4/bin/../lib/gcc/arm-none-eabi/4.8.3/../../../../arm-none-eabi/lib/armv7-m\libg_s.a(lib_a-sbrkr.o)
                              c:/siliconlabs/simplicitystudio/v3/developer/toolchains/gnu_arm/4.8_2013q4/bin/../lib/gcc/arm-none-eabi/4.8.3/../../../../arm-none-eabi/lib/armv7-m\libg_s.a(lib_a-nano-mallocr.o) (_sbrk_r)
c:/siliconlabs/simplicitystudio/v3/developer/toolchains/gnu_arm/4.8_2013q4/bin/../lib/gcc/arm-none-eabi/4.8.3/../../../../arm-none-eabi/lib/armv7-m\libg_s.a(lib_a-stdio.o)
                              c:/siliconlabs/simplicitystudio/v3/developer/toolchains/gnu_arm/4.8_2013q4/bin/../lib/gcc/arm-none-eabi/4.8.3/../../../../arm-none-eabi/lib/armv7-m\libg_s.a(lib_a-findfp.o) (__sread)
c:/siliconlabs/simplicitystudio/v3/developer/toolchains/gnu_arm/4.8_2013q4/bin/../lib/gcc/arm-none-eabi/4.8.3/../../../../arm-none-eabi/lib/armv7-m\libg_s.a(lib_a-strcmp.o)
                              ./system/src/cortexm/exception_handlers.o (strcmp)
c:/siliconlabs/simplicitystudio/v3/developer/toolchains/gnu_arm/4.8_2013q4/bin/../lib/gcc/arm-none-eabi/4.8.3/../../../../arm-none-eabi/lib/armv7-m\libg_s.a(lib_a-strlen.o)
                              ./system/src/newlib/_syscalls.o (strlen)
c:/siliconlabs/simplicitystudio/v3/developer/toolchains/gnu_arm/4.8_2013q4/bin/../lib/gcc/arm-none-eabi/4.8.3/../../../../arm-none-eabi/lib/armv7-m\libg_s.a(lib_a-strncpy.o)
                              ./system/src/newlib/_syscalls.o (strncpy)
[...]
Memory Configuration

Name             Origin             Length             Attributes
FLASH            0x00000000         0x00040000         xr
RAM              0x20000000         0x00005000         xrw
CCMRAM           0x10000000         0x00000000         xrw
FLASHB1          0x00000000         0x00000000         xr
EXTMEMB0         0x00000000         0x00000000         xr
EXTMEMB1         0x00000000         0x00000000         xr
EXTMEMB2         0x00000000         0x00000000         xr
EXTMEMB3         0x00000000         0x00000000         xr
*default*        0x00000000         0xffffffff

Linker script and memory map

LOAD ./system/src/newlib/_cxx.o
LOAD ./system/src/newlib/_exit.o
LOAD ./system/src/newlib/_sbrk.o
LOAD ./system/src/newlib/_startup.o
LOAD ./system/src/newlib/_syscalls.o
LOAD ./system/src/newlib/assert.o
LOAD ./system/src/emlib/em_acmp.o
LOAD ./system/src/emlib/em_adc.o
LOAD ./system/src/emlib/em_aes.o
LOAD ./system/src/emlib/em_assert.o
LOAD ./system/src/emlib/em_burtc.o
LOAD ./system/src/emlib/em_cmu.o
LOAD ./system/src/emlib/em_dac.o
LOAD ./system/src/emlib/em_dbg.o
LOAD ./system/src/emlib/em_dma.o
LOAD ./system/src/emlib/em_ebi.o
LOAD ./system/src/emlib/em_emu.o
LOAD ./system/src/emlib/em_gpio.o
LOAD ./system/src/emlib/em_i2c.o
LOAD ./system/src/emlib/em_idac.o
LOAD ./system/src/emlib/em_int.o
LOAD ./system/src/emlib/em_lcd.o
LOAD ./system/src/emlib/em_lesense.o
LOAD ./system/src/emlib/em_letimer.o
LOAD ./system/src/emlib/em_leuart.o
LOAD ./system/src/emlib/em_mpu.o
LOAD ./system/src/emlib/em_msc.o
LOAD ./system/src/emlib/em_opamp.o
LOAD ./system/src/emlib/em_pcnt.o
LOAD ./system/src/emlib/em_prs.o
LOAD ./system/src/emlib/em_rmu.o
LOAD ./system/src/emlib/em_rtc.o
LOAD ./system/src/emlib/em_system.o
LOAD ./system/src/emlib/em_timer.o
LOAD ./system/src/emlib/em_usart.o
LOAD ./system/src/emlib/em_vcmp.o
LOAD ./system/src/emlib/em_wdog.o
LOAD ./system/src/diag/Trace.o
LOAD ./system/src/diag/trace_impl.o
LOAD ./system/src/cortexm/_initialize_hardware.o
LOAD ./system/src/cortexm/_reset_hardware.o
LOAD ./system/src/cortexm/exception_handlers.o
LOAD ./system/src/cmsis/system_OCTA.o
LOAD ./system/src/cmsis/vectors_OCTA.o
LOAD ./system/src/OCTA/GCC/startup_efm32lg.o
LOAD ./system/src/OCTA/system_efm32lg.o
LOAD ./src/main.o
LOAD ./src/utilities.o
LOAD c:/siliconlabs/simplicitystudio/v3/developer/toolchains/gnu_arm/4.8_2013q4/bin/../lib/gcc/arm-none-eabi/4.8.3/../../../../arm-none-eabi/lib/armv7-m\libstdc++_s.a
LOAD c:/siliconlabs/simplicitystudio/v3/developer/toolchains/gnu_arm/4.8_2013q4/bin/../lib/gcc/arm-none-eabi/4.8.3/../../../../arm-none-eabi/lib/armv7-m\libm.a
START GROUP
LOAD c:/siliconlabs/simplicitystudio/v3/developer/toolchains/gnu_arm/4.8_2013q4/bin/../lib/gcc/arm-none-eabi/4.8.3/armv7-m\libgcc.a
LOAD c:/siliconlabs/simplicitystudio/v3/developer/toolchains/gnu_arm/4.8_2013q4/bin/../lib/gcc/arm-none-eabi/4.8.3/../../../../arm-none-eabi/lib/armv7-m\libg_s.a
LOAD c:/siliconlabs/simplicitystudio/v3/developer/toolchains/gnu_arm/4.8_2013q4/bin/../lib/gcc/arm-none-eabi/4.8.3/../../../../arm-none-eabi/lib/armv7-m\libc_s.a
END GROUP
START GROUP
LOAD c:/siliconlabs/simplicitystudio/v3/developer/toolchains/gnu_arm/4.8_2013q4/bin/../lib/gcc/arm-none-eabi/4.8.3/armv7-m\libgcc.a
LOAD c:/siliconlabs/simplicitystudio/v3/developer/toolchains/gnu_arm/4.8_2013q4/bin/../lib/gcc/arm-none-eabi/4.8.3/../../../../arm-none-eabi/lib/armv7-m\libc_s.a
END GROUP
                0x20005000                __stack = (ORIGIN (RAM) + 0x5000)
                0x20005000                _estack = __stack
                0x00000400                __Main_Stack_Size = 0x400
                0x00000400                PROVIDE (_Main_Stack_Size, __Main_Stack_Size)
                0x20004c00                __Main_Stack_Limit = (__stack - __Main_Stack_Size)
                0x20004c00                PROVIDE (_Main_Stack_Limit, __Main_Stack_Limit)
                0x00000100                _Minimum_Stack_Size = 0x100
                0x2000026c                PROVIDE (_Heap_Begin, _end_noinit)
                0x20004c00                PROVIDE (_Heap_Limit, (__stack - __Main_Stack_Size))

.isr_vector     0x00000000      0x280
 FILL mask 0xff
                0x00000000                __vectors_start = ABSOLUTE (.)
                0x00000000                __vectors_start__ = ABSOLUTE (.)
 *(.isr_vector)
 .isr_vector    0x00000000       0x44 ./system/src/cmsis/vectors_OCTA.o
                0x00000000                __isr_vectors
 *(.cfmconfig)
 *(.after_vectors .after_vectors.*)
 .after_vectors
                0x00000044      0x114 ./system/src/newlib/_startup.o
                0x00000044                _start
 .after_vectors
                0x00000158      0x124 ./system/src/cortexm/exception_handlers.o
                0x00000158                NMI_Handler
                0x0000015c                HardFault_Handler
                0x00000170                HardFault_Handler_C
                0x000001cc                MemManage_Handler
                0x000001d0                BusFault_Handler
                0x000001e4                BusFault_Handler_C
                0x00000218                UsageFault_Handler
                0x0000022c                UsageFault_Handler_C
                0x00000260                SVC_Handler
                0x00000264                DebugMon_Handler
                0x00000268                PendSV_Handler
 .after_vectors
                0x0000027c        0x4 ./system/src/cmsis/vectors_OCTA.o
                0x0000027c                Default_Handler
                0x0000027c                DeviceInterrupt_Handler

.inits          0x00000280       0x28
                0x00000280                __data_regions_array_start = .
                0x00000280        0x4 LONG 0x1e98 LOADADDR (.data)
                0x00000284        0x4 LONG 0x20000000 ADDR (.data)
                0x00000288        0x4 LONG 0x2000007c (ADDR (.data) + SIZEOF (.data))
                0x0000028c        0x4 LONG 0x1e98 LOADADDR (.data_CCMRAM)
                0x00000290        0x4 LONG 0x10000000 ADDR (.data_CCMRAM)
                0x00000294        0x4 LONG 0x10000000 (ADDR (.data_CCMRAM) + SIZEOF (.data_CCMRAM))
                0x00000298                __data_regions_array_end = .
                0x00000298                __bss_regions_array_start = .
                0x00000298        0x4 LONG 0x2000007c ADDR (.bss)
                0x0000029c        0x4 LONG 0x2000026c (ADDR (.bss) + SIZEOF (.bss))
                0x000002a0        0x4 LONG 0x10000000 ADDR (.bss_CCMRAM)
                0x000002a4        0x4 LONG 0x10000000 (ADDR (.bss_CCMRAM) + SIZEOF (.bss_CCMRAM))
                0x000002a8                __bss_regions_array_end = .
 *(.init)
 *(.fini)
                0x000002a8                . = ALIGN (0x4)
                0x000002a8                PROVIDE (__preinit_array_start, .)
 *(.preinit_array_sysinit .preinit_array_sysinit.*)
 *(.preinit_array_platform .preinit_array_platform.*)
 *(.preinit_array .preinit_array.*)
                0x000002a8                PROVIDE (__preinit_array_end, .)
                0x000002a8                . = ALIGN (0x4)
                0x000002a8                PROVIDE (__init_array_start, .)
 *(SORT(.init_array.*))
 *(.init_array)
                0x000002a8                PROVIDE (__init_array_end, .)
                0x000002a8                . = ALIGN (0x4)
                0x000002a8                PROVIDE (__fini_array_start, .)
 *(SORT(.fini_array.*))
 *(.fini_array)
                0x000002a8                PROVIDE (__fini_array_end, .)

.flashtext
 *(.flashtext .flashtext.*)

.text           0x000002a8     0x1bed
 *(.text .text.*)
 .text._sbrk    0x000002a8       0x44 ./system/src/newlib/_sbrk.o
                0x000002a8                _sbrk
 .text._exit    0x000002ec       0x24 ./system/src/newlib/_syscalls.o
                0x000002ec                _exit
 .text.initialise_monitor_handles
                0x00000310       0xac ./system/src/newlib/_syscalls.o
                0x00000310                initialise_monitor_handles
 .text.__initialize_args
                0x000003bc       0xd8 ./system/src/newlib/_syscalls.o
                0x000003bc                __initialize_args
 .text.CMU_MaxFreqHfle
                0x00000494       0x58 ./system/src/emlib/em_cmu.o
 .text.CMU_AUXClkGet
                0x000004ec       0x64 ./system/src/emlib/em_cmu.o
 .text.CMU_LFClkGet
                0x00000550       0x6c ./system/src/emlib/em_cmu.o
 .text.CMU_ClockSelectGet
                0x000005bc       0xe4 ./system/src/emlib/em_cmu.o
                0x000005bc                CMU_ClockSelectGet
 .text.CMU_DBGClkGet
                0x000006a0       0x38 ./system/src/emlib/em_cmu.o
 .text.CMU_USBCClkGet
                0x000006d8       0x30 ./system/src/emlib/em_cmu.o
 .text.CMU_ClockFreqGet
                0x00000708      0x15c ./system/src/emlib/em_cmu.o
                0x00000708                CMU_ClockFreqGet
 .text.CMU_ClockEnable
                0x00000864       0xa8 ./system/src/emlib/em_cmu.o
                0x00000864                CMU_ClockEnable
 .text.GPIO_DriveModeSet
                0x0000090c       0x24 ./system/src/emlib/em_gpio.o
                0x0000090c                GPIO_DriveModeSet
 .text.GPIO_PinModeSet
                0x00000930       0xc0 ./system/src/emlib/em_gpio.o
                0x00000930                GPIO_PinModeSet
 .text.SYSTEM_ChipRevisionGet
                0x000009f0       0x34 ./system/src/emlib/em_system.o
                0x000009f0                SYSTEM_ChipRevisionGet
 .text.trace_printf
                0x00000a24       0x34 ./system/src/diag/Trace.o
                0x00000a24                trace_printf
 .text._trace_write_semihosting_debug
                0x00000a58       0x60 ./system/src/diag/trace_impl.o
 .text.trace_write
                0x00000ab8        0x8 ./system/src/diag/trace_impl.o
                0x00000ab8                trace_write
 .text.__initialize_hardware_early
                0x00000ac0       0x18 ./system/src/cortexm/_initialize_hardware.o
                0x00000ac0                __initialize_hardware_early
 .text.__initialize_hardware
                0x00000ad8        0x8 ./system/src/cortexm/_initialize_hardware.o
                0x00000ad8                __initialize_hardware
 .text.dumpExceptionStack
                0x00000ae0       0xf0 ./system/src/cortexm/exception_handlers.o
                0x00000ae0                dumpExceptionStack
 .text.isSemihosting
                0x00000bd0       0xfc ./system/src/cortexm/exception_handlers.o
                0x00000bd0                isSemihosting
 .text.SystemCoreClockUpdate
                0x00000ccc       0x10 ./system/src/cmsis/system_OCTA.o
                0x00000ccc                SystemCoreClockUpdate
 .text.SystemInit
                0x00000cdc       0x10 ./system/src/cmsis/system_OCTA.o
                0x00000cdc                SystemInit
 .text          0x00000cec       0x30 ./system/src/OCTA/GCC/startup_efm32lg.o
                0x00000cec                Reset_Handler
                0x00000d18                USART0_TX_IRQHandler
                0x00000d18                I2C0_IRQHandler
                0x00000d18                LEUART1_IRQHandler
                0x00000d18                USART1_RX_IRQHandler
                0x00000d18                I2C1_IRQHandler
                0x00000d18                TIMER3_IRQHandler
                0x00000d18                USART1_TX_IRQHandler
                0x00000d18                MSC_IRQHandler
                0x00000d18                ADC0_IRQHandler
                0x00000d18                LEUART0_IRQHandler
                0x00000d18                GPIO_EVEN_IRQHandler
                0x00000d18                UART0_TX_IRQHandler
                0x00000d18                UART1_TX_IRQHandler
                0x00000d18                RTC_IRQHandler
                0x00000d18                TIMER0_IRQHandler
                0x00000d18                TIMER2_IRQHandler
                0x00000d18                LCD_IRQHandler
                0x00000d18                PCNT2_IRQHandler
                0x00000d18                UART0_RX_IRQHandler
                0x00000d18                LETIMER0_IRQHandler
                0x00000d18                TIMER1_IRQHandler
                0x00000d18                USART2_RX_IRQHandler
                0x00000d18                EMU_IRQHandler
                0x00000d18                PCNT0_IRQHandler
                0x00000d18                USB_IRQHandler
                0x00000d18                BURTC_IRQHandler
                0x00000d18                PCNT1_IRQHandler
                0x00000d18                ACMP0_IRQHandler
                0x00000d18                USART0_RX_IRQHandler
                0x00000d18                DAC0_IRQHandler
                0x00000d18                UART1_RX_IRQHandler
                0x00000d18                CMU_IRQHandler
                0x00000d18                EBI_IRQHandler
                0x00000d18                LESENSE_IRQHandler
                0x00000d18                GPIO_ODD_IRQHandler
                0x00000d18                AES_IRQHandler
                0x00000d18                VCMP_IRQHandler
                0x00000d18                USART2_TX_IRQHandler
 .text.SystemHFClockGet
                0x00000d1c       0xc8 ./system/src/OCTA/system_efm32lg.o
                0x00000d1c                SystemHFClockGet
 .text.SystemCoreClockGet
                0x00000de4       0x2c ./system/src/OCTA/system_efm32lg.o
                0x00000de4                SystemCoreClockGet
 .text.SystemLFRCOClockGet
                0x00000e10        0x8 ./system/src/OCTA/system_efm32lg.o
                0x00000e10                SystemLFRCOClockGet
 .text.SystemULFRCOClockGet
                0x00000e18        0x8 ./system/src/OCTA/system_efm32lg.o
                0x00000e18                SystemULFRCOClockGet
 .text.SystemLFXOClockGet
                0x00000e20        0xc ./system/src/OCTA/system_efm32lg.o
                0x00000e20                SystemLFXOClockGet
 .text.main     0x00000e2c      0x14c ./src/main.o
                0x00000e2c                main
 .text.set_timeout_ms
                0x00000f78        0xc ./src/utilities.o
                0x00000f78                set_timeout_ms
 .text.expired_ms
                0x00000f84       0x14 ./src/utilities.o
                0x00000f84                expired_ms
 .text.get_button
                0x00000f98      0x1fc ./src/utilities.o
                0x00000f98                get_button
 .text.set_led  0x00001194       0x50 ./src/utilities.o
                0x00001194                set_led
 .text.set_rgbled
                0x000011e4       0x74 ./src/utilities.o
                0x000011e4                set_rgbled
 .text.setup_utilities
                0x00001258       0xec ./src/utilities.o
                0x00001258                setup_utilities
 .text.SysTick_Handler
                0x00001344       0x10 ./src/utilities.o
                0x00001344                SysTick_Handler
 .text.__errno  0x00001354        0xc c:/siliconlabs/simplicitystudio/v3/developer/toolchains/gnu_arm/4.8_2013q4/bin/../lib/gcc/arm-none-eabi/4.8.3/../../../../arm-none-eabi/lib/armv7-m\libg_s.a(lib_a-errno.o)
                0x00001354                __errno
 .text.memcpy   0x00001360       0x12 c:/siliconlabs/simplicitystudio/v3/developer/toolchains/gnu_arm/4.8_2013q4/bin/../lib/gcc/arm-none-eabi/4.8.3/../../../../arm-none-eabi/lib/armv7-m\libg_s.a(lib_a-memcpy-stub.o)
                0x00001360                memcpy
 *fill*         0x00001372        0x2 
 .text._malloc_r
                0x00001374       0xa8 c:/siliconlabs/simplicitystudio/v3/developer/toolchains/gnu_arm/4.8_2013q4/bin/../lib/gcc/arm-none-eabi/4.8.3/../../../../arm-none-eabi/lib/armv7-m\libg_s.a(lib_a-nano-mallocr.o)
                0x00001374                _malloc_r
 .text._sbrk_r  0x0000141c       0x20 c:/siliconlabs/simplicitystudio/v3/developer/toolchains/gnu_arm/4.8_2013q4/bin/../lib/gcc/arm-none-eabi/4.8.3/../../../../arm-none-eabi/lib/armv7-m\libg_s.a(lib_a-sbrkr.o)
                0x0000141c                _sbrk_r
 .text          0x0000143c       0x14 c:/siliconlabs/simplicitystudio/v3/developer/toolchains/gnu_arm/4.8_2013q4/bin/../lib/gcc/arm-none-eabi/4.8.3/../../../../arm-none-eabi/lib/armv7-m\libg_s.a(lib_a-strcmp.o)
                0x0000143c                strcmp
 .text.strlen   0x00001450       0x10 c:/siliconlabs/simplicitystudio/v3/developer/toolchains/gnu_arm/4.8_2013q4/bin/../lib/gcc/arm-none-eabi/4.8.3/../../../../arm-none-eabi/lib/armv7-m\libg_s.a(lib_a-strlen.o)
                0x00001450                strlen
 .text._vsnprintf_r
                0x00001460       0x52 c:/siliconlabs/simplicitystudio/v3/developer/toolchains/gnu_arm/4.8_2013q4/bin/../lib/gcc/arm-none-eabi/4.8.3/../../../../arm-none-eabi/lib/armv7-m\libg_s.a(lib_a-vsnprintf.o)
                0x00001460                _vsniprintf_r
                0x00001460                _vsnprintf_r
 *fill*         0x000014b2        0x2 
 .text.vsnprintf
                0x000014b4       0x20 c:/siliconlabs/simplicitystudio/v3/developer/toolchains/gnu_arm/4.8_2013q4/bin/../lib/gcc/arm-none-eabi/4.8.3/../../../../arm-none-eabi/lib/armv7-m\libg_s.a(lib_a-vsnprintf.o)
                0x000014b4                vsniprintf
                0x000014b4                vsnprintf
 .text._free_r  0x000014d4       0x88 c:/siliconlabs/simplicitystudio/v3/developer/toolchains/gnu_arm/4.8_2013q4/bin/../lib/gcc/arm-none-eabi/4.8.3/../../../../arm-none-eabi/lib/armv7-m\libg_s.a(lib_a-nano-freer.o)
                0x000014d4                _free_r
 .text.__ssputs_r
                0x0000155c       0xb8 c:/siliconlabs/simplicitystudio/v3/developer/toolchains/gnu_arm/4.8_2013q4/bin/../lib/gcc/arm-none-eabi/4.8.3/../../../../arm-none-eabi/lib/armv7-m\libg_s.a(lib_a-svfprintf.o)
                0x0000155c                __ssputs_r
 .text._svfprintf_r
                0x00001614      0x1d8 c:/siliconlabs/simplicitystudio/v3/developer/toolchains/gnu_arm/4.8_2013q4/bin/../lib/gcc/arm-none-eabi/4.8.3/../../../../arm-none-eabi/lib/armv7-m\libg_s.a(lib_a-svfprintf.o)
                0x00001614                _svfiprintf_r
                0x00001614                _svfprintf_r
 .text._printf_common
                0x000017ec       0xe4 c:/siliconlabs/simplicitystudio/v3/developer/toolchains/gnu_arm/4.8_2013q4/bin/../lib/gcc/arm-none-eabi/4.8.3/../../../../arm-none-eabi/lib/armv7-m\libg_s.a(lib_a-vfprintf_i.o)
                0x000017ec                _printf_common
 .text._printf_i
                0x000018d0      0x228 c:/siliconlabs/simplicitystudio/v3/developer/toolchains/gnu_arm/4.8_2013q4/bin/../lib/gcc/arm-none-eabi/4.8.3/../../../../arm-none-eabi/lib/armv7-m\libg_s.a(lib_a-vfprintf_i.o)
                0x000018d0                _printf_i
 .text.memchr   0x00001af8       0x1c c:/siliconlabs/simplicitystudio/v3/developer/toolchains/gnu_arm/4.8_2013q4/bin/../lib/gcc/arm-none-eabi/4.8.3/../../../../arm-none-eabi/lib/armv7-m\libg_s.a(lib_a-memchr-stub.o)
                0x00001af8                memchr
 .text.memmove  0x00001b14       0x36 c:/siliconlabs/simplicitystudio/v3/developer/toolchains/gnu_arm/4.8_2013q4/bin/../lib/gcc/arm-none-eabi/4.8.3/../../../../arm-none-eabi/lib/armv7-m\libg_s.a(lib_a-memmove.o)
                0x00001b14                memmove
 .text._realloc_r
                0x00001b4a       0x4c c:/siliconlabs/simplicitystudio/v3/developer/toolchains/gnu_arm/4.8_2013q4/bin/../lib/gcc/arm-none-eabi/4.8.3/../../../../arm-none-eabi/lib/armv7-m\libg_s.a(lib_a-nano-reallocr.o)
                0x00001b4a                _realloc_r
 .text._malloc_usable_size_r
                0x00001b96       0x12 c:/siliconlabs/simplicitystudio/v3/developer/toolchains/gnu_arm/4.8_2013q4/bin/../lib/gcc/arm-none-eabi/4.8.3/../../../../arm-none-eabi/lib/armv7-m\libg_s.a(lib_a-nano-msizer.o)
                0x00001b96                _malloc_usable_size_r
 *(.rodata .rodata.* .constdata .constdata.*)
 .rodata.str1.4
                0x00001ba8        0x9 ./system/src/newlib/_syscalls.o
                                  0xc (size before relaxing)
 *fill*         0x00001bb1        0x3 
 .rodata.str1.4
                0x00001bb4      0x148 ./system/src/cortexm/exception_handlers.o
                                0x14c (size before relaxing)
 .rodata._ctype_
                0x00001cfc      0x101 c:/siliconlabs/simplicitystudio/v3/developer/toolchains/gnu_arm/4.8_2013q4/bin/../lib/gcc/arm-none-eabi/4.8.3/../../../../arm-none-eabi/lib/armv7-m\libg_s.a(lib_a-ctype_.o)
                0x00001cfc                _ctype_
 *fill*         0x00001dfd        0x3 
 .rodata.__sf_fake_stdin
                0x00001e00       0x20 c:/siliconlabs/simplicitystudio/v3/developer/toolchains/gnu_arm/4.8_2013q4/bin/../lib/gcc/arm-none-eabi/4.8.3/../../../../arm-none-eabi/lib/armv7-m\libg_s.a(lib_a-findfp.o)
                0x00001e00                __sf_fake_stdin
 .rodata.__sf_fake_stdout
                0x00001e20       0x20 c:/siliconlabs/simplicitystudio/v3/developer/toolchains/gnu_arm/4.8_2013q4/bin/../lib/gcc/arm-none-eabi/4.8.3/../../../../arm-none-eabi/lib/armv7-m\libg_s.a(lib_a-findfp.o)
                0x00001e20                __sf_fake_stdout
 .rodata.__sf_fake_stderr
                0x00001e40       0x20 c:/siliconlabs/simplicitystudio/v3/developer/toolchains/gnu_arm/4.8_2013q4/bin/../lib/gcc/arm-none-eabi/4.8.3/../../../../arm-none-eabi/lib/armv7-m\libg_s.a(lib_a-findfp.o)
                0x00001e40                __sf_fake_stderr
 .rodata.str1.1
                0x00001e60        0x2 c:/siliconlabs/simplicitystudio/v3/developer/toolchains/gnu_arm/4.8_2013q4/bin/../lib/gcc/arm-none-eabi/4.8.3/../../../../arm-none-eabi/lib/armv7-m\libg_s.a(lib_a-impure.o)
 .rodata.str1.1
                0x00001e62       0x11 c:/siliconlabs/simplicitystudio/v3/developer/toolchains/gnu_arm/4.8_2013q4/bin/../lib/gcc/arm-none-eabi/4.8.3/../../../../arm-none-eabi/lib/armv7-m\libg_s.a(lib_a-svfprintf.o)
 .rodata.str1.1
                0x00001e73       0x22 c:/siliconlabs/simplicitystudio/v3/developer/toolchains/gnu_arm/4.8_2013q4/bin/../lib/gcc/arm-none-eabi/4.8.3/../../../../arm-none-eabi/lib/armv7-m\libg_s.a(lib_a-vfprintf_i.o)
 *(vtable)
 *(.eh_frame*)
 *(.glue_7)
 .glue_7        0x00000000        0x0 linker stubs
 *(.glue_7t)
 .glue_7t       0x00000000        0x0 linker stubs

.vfp11_veneer   0x00001e98        0x0
 .vfp11_veneer  0x00000000        0x0 linker stubs

.v4_bx          0x00001e98        0x0
 .v4_bx         0x00000000        0x0 linker stubs

.iplt           0x00001e98        0x0
 .iplt          0x00000000        0x0 ./system/src/newlib/_cxx.o

.rel.dyn        0x00001e98        0x0
 .rel.iplt      0x00000000        0x0 ./system/src/newlib/_cxx.o

.ARM.extab
 *(.ARM.extab* .gnu.linkonce.armextab.*)
                0x00001e98                . = ALIGN (0x4)
                0x00001e98                __exidx_start = .

.ARM.exidx
 *(.ARM.exidx* .gnu.linkonce.armexidx.*)
                0x00001e98                __exidx_end = .
                0x00001e98                . = ALIGN (0x4)
                0x00001e98                _etext = .
                0x00001e98                __etext = .

.data_CCMRAM    0x10000000        0x0 load address 0x00001e98
 FILL mask 0xff
 *(.data.CCMRAM .data.CCMRAM.*)
                0x10000000                . = ALIGN (0x4)
                0x00001e98                _sidata = LOADADDR (.data)

.data           0x20000000       0x7c load address 0x00001e98
 FILL mask 0xff
                0x20000000                _sdata = .
                0x20000000                __data_start__ = .
 *(.data_begin .data_begin.*)
 .data_begin    0x20000000        0x4 ./system/src/newlib/_startup.o
 *(.data .data.*)
 .data.SystemCoreClock
                0x20000004        0x4 ./system/src/cmsis/system_OCTA.o
                0x20000004                SystemCoreClock
 .data.SystemLFXOClock
                0x20000008        0x4 ./system/src/OCTA/system_efm32lg.o
 .data.SystemHFXOClock
                0x2000000c        0x4 ./system/src/OCTA/system_efm32lg.o
 .data.__ctype_ptr__
                0x20000010        0x4 c:/siliconlabs/simplicitystudio/v3/developer/toolchains/gnu_arm/4.8_2013q4/bin/../lib/gcc/arm-none-eabi/4.8.3/../../../../arm-none-eabi/lib/armv7-m\libg_s.a(lib_a-ctype_.o)
                0x20000010                __ctype_ptr__
 .data.impure_data
                0x20000014       0x60 c:/siliconlabs/simplicitystudio/v3/developer/toolchains/gnu_arm/4.8_2013q4/bin/../lib/gcc/arm-none-eabi/4.8.3/../../../../arm-none-eabi/lib/armv7-m\libg_s.a(lib_a-impure.o)
 .data._impure_ptr
                0x20000074        0x4 c:/siliconlabs/simplicitystudio/v3/developer/toolchains/gnu_arm/4.8_2013q4/bin/../lib/gcc/arm-none-eabi/4.8.3/../../../../arm-none-eabi/lib/armv7-m\libg_s.a(lib_a-impure.o)
                0x20000074                _impure_ptr
 *(.data_end .data_end.*)
 .data_end      0x20000078        0x4 ./system/src/newlib/_startup.o
                0x2000007c                . = ALIGN (0x4)
                0x2000007c                _edata = .
                0x2000007c                __data_end__ = .

.igot.plt       0x2000007c        0x0 load address 0x00001f14
 .igot.plt      0x00000000        0x0 ./system/src/newlib/_cxx.o

.bss_CCMRAM     0x10000000        0x0
 *(.bss.CCMRAM .bss.CCMRAM.*)

.bss            0x2000007c      0x1f0
                0x2000007c                __bss_start__ = .
                0x2000007c                _sbss = .
 *(.bss_begin .bss_begin.*)
 .bss_begin     0x2000007c        0x4 ./system/src/newlib/_startup.o
 *(.bss .bss.*)
 .bss.current_heap_end.4280
                0x20000080        0x4 ./system/src/newlib/_sbrk.o
 .bss.monitor_stdout
                0x20000084        0x4 ./system/src/newlib/_syscalls.o
 .bss.args_buf.5794
                0x20000088       0x50 ./system/src/newlib/_syscalls.o
 .bss.monitor_stdin
                0x200000d8        0x4 ./system/src/newlib/_syscalls.o
 .bss.monitor_stderr
                0x200000dc        0x4 ./system/src/newlib/_syscalls.o
 .bss.argv_buf.5795
                0x200000e0       0x28 ./system/src/newlib/_syscalls.o
 .bss.openfiles
                0x20000108       0xa0 ./system/src/newlib/_syscalls.o
 .bss.buf.5365  0x200001a8       0x80 ./system/src/diag/Trace.o
 .bss.led       0x20000228        0x4 ./src/main.o
                0x20000228                led
 .bss.rgb1      0x2000022c        0x4 ./src/main.o
                0x2000022c                rgb1
 .bss.rgb2      0x20000230        0x4 ./src/main.o
                0x20000230                rgb2
 .bss.pressed1  0x20000234        0x1 ./src/utilities.o
                0x20000234                pressed1
 .bss.pressed2  0x20000235        0x1 ./src/utilities.o
                0x20000235                pressed2
 .bss.pressed3  0x20000236        0x1 ./src/utilities.o
                0x20000236                pressed3
 .bss.pressed4  0x20000237        0x1 ./src/utilities.o
                0x20000237                pressed4
 .bss.debounce_released_timeout1
                0x20000238        0x4 ./src/utilities.o
                0x20000238                debounce_released_timeout1
 .bss.debounce_released_timeout2
                0x2000023c        0x4 ./src/utilities.o
                0x2000023c                debounce_released_timeout2
 .bss.debounce_released_timeout3
                0x20000240        0x4 ./src/utilities.o
                0x20000240                debounce_released_timeout3
 .bss.debounce_released_timeout4
                0x20000244        0x4 ./src/utilities.o
                0x20000244                debounce_released_timeout4
 .bss.debounce_pressed_timeout1
                0x20000248        0x4 ./src/utilities.o
                0x20000248                debounce_pressed_timeout1
 .bss.debounce_pressed_timeout2
                0x2000024c        0x4 ./src/utilities.o
                0x2000024c                debounce_pressed_timeout2
 .bss.debounce_pressed_timeout3
                0x20000250        0x4 ./src/utilities.o
                0x20000250                debounce_pressed_timeout3
 .bss.debounce_pressed_timeout4
                0x20000254        0x4 ./src/utilities.o
                0x20000254                debounce_pressed_timeout4
 .bss.msTicks   0x20000258        0x4 ./src/utilities.o
                0x20000258                msTicks
 .bss.__malloc_sbrk_start
                0x2000025c        0x4 c:/siliconlabs/simplicitystudio/v3/developer/toolchains/gnu_arm/4.8_2013q4/bin/../lib/gcc/arm-none-eabi/4.8.3/../../../../arm-none-eabi/lib/armv7-m\libg_s.a(lib_a-nano-mallocr.o)
                0x2000025c                __malloc_sbrk_start
 .bss.__malloc_free_list
                0x20000260        0x4 c:/siliconlabs/simplicitystudio/v3/developer/toolchains/gnu_arm/4.8_2013q4/bin/../lib/gcc/arm-none-eabi/4.8.3/../../../../arm-none-eabi/lib/armv7-m\libg_s.a(lib_a-nano-mallocr.o)
                0x20000260                __malloc_free_list
 *(COMMON)
 COMMON         0x20000264        0x4 ./system/src/newlib/_syscalls.o
                0x20000264                errno
 *(.bss_end .bss_end.*)
 .bss_end       0x20000268        0x4 ./system/src/newlib/_startup.o
                0x2000026c                . = ALIGN (0x4)
                0x2000026c                __bss_end__ = .
                0x2000026c                _ebss = .

.noinit_CCMRAM
 *(.noinit.CCMRAM .noinit.CCMRAM.*)

.noinit         0x2000026c        0x0
                0x2000026c                _noinit = .
 *(.noinit .noinit.*)
                0x2000026c                . = ALIGN (0x4)
                0x2000026c                _end_noinit = .
                0x2000026c                PROVIDE (end, _end_noinit)
                0x2000026c                PROVIDE (_end, _end_noinit)
                0x2000026c                PROVIDE (__end, _end_noinit)
                0x2000026c                PROVIDE (__end__, _end_noinit)

._check_stack   0x2000026c      0x100
                0x2000036c                . = (. + _Minimum_Stack_Size)
 *fill*         0x2000026c      0x100 

.b1text
 *(.b1text)
 *(.b1rodata)
 *(.b1rodata.*)

.eb0text
 *(.eb0text)
 *(.eb0rodata)
 *(.eb0rodata.*)

.eb1text
 *(.eb1text)
 *(.eb1rodata)
 *(.eb1rodata.*)

.eb2text
 *(.eb2text)
 *(.eb2rodata)
 *(.eb2rodata.*)

.eb3text
 *(.eb3text)
 *(.eb3rodata)
 *(.eb3rodata.*)

.stab
 *(.stab)

.stabstr
 *(.stabstr)

.stab.excl
 *(.stab.excl)

.stab.exclstr
 *(.stab.exclstr)

.stab.index
 *(.stab.index)

.stab.indexstr
 *(.stab.indexstr)

.comment        0x00000000       0x70
 *(.comment)
 .comment       0x00000000       0x70 ./system/src/newlib/_sbrk.o
                                 0x71 (size before relaxing)
 .comment       0x00000000       0x71 ./system/src/newlib/_startup.o
 .comment       0x00000000       0x71 ./system/src/newlib/_syscalls.o
 .comment       0x00000000       0x71 ./system/src/emlib/em_cmu.o
 .comment       0x00000000       0x71 ./system/src/emlib/em_gpio.o
 .comment       0x00000000       0x71 ./system/src/emlib/em_system.o
 .comment       0x00000000       0x71 ./system/src/diag/Trace.o
 .comment       0x00000000       0x71 ./system/src/diag/trace_impl.o
 .comment       0x00000000       0x71 ./system/src/cortexm/_initialize_hardware.o
 .comment       0x00000000       0x71 ./system/src/cortexm/exception_handlers.o
 .comment       0x00000000       0x71 ./system/src/cmsis/system_OCTA.o
 .comment       0x00000000       0x71 ./system/src/cmsis/vectors_OCTA.o
 .comment       0x00000000       0x71 ./system/src/OCTA/system_efm32lg.o
 .comment       0x00000000       0x71 ./src/main.o
 .comment       0x00000000       0x71 ./src/utilities.o

.ARM.attributes
                0x00000000       0x31
 .ARM.attributes
                0x00000000       0x33 ./system/src/newlib/_sbrk.o
 .ARM.attributes
                0x00000033       0x33 ./system/src/newlib/_startup.o
 .ARM.attributes
                0x00000066       0x33 ./system/src/newlib/_syscalls.o
 .ARM.attributes
                0x00000099       0x33 ./system/src/emlib/em_cmu.o
 .ARM.attributes
                0x000000cc       0x33 ./system/src/emlib/em_gpio.o
 .ARM.attributes
                0x000000ff       0x33 ./system/src/emlib/em_system.o
 .ARM.attributes
                0x00000132       0x33 ./system/src/diag/Trace.o
 .ARM.attributes
                0x00000165       0x33 ./system/src/diag/trace_impl.o
 .ARM.attributes
                0x00000198       0x33 ./system/src/cortexm/_initialize_hardware.o
 .ARM.attributes
                0x000001cb       0x33 ./system/src/cortexm/exception_handlers.o
 .ARM.attributes
                0x000001fe       0x33 ./system/src/cmsis/system_OCTA.o
 .ARM.attributes
                0x00000231       0x33 ./system/src/cmsis/vectors_OCTA.o
 .ARM.attributes
                0x00000264       0x1b ./system/src/OCTA/GCC/startup_efm32lg.o
 .ARM.attributes
                0x0000027f       0x33 ./system/src/OCTA/system_efm32lg.o
 .ARM.attributes
                0x000002b2       0x33 ./src/main.o
 .ARM.attributes
                0x000002e5       0x33 ./src/utilities.o
 .ARM.attributes
                0x00000318       0x2d c:/siliconlabs/simplicitystudio/v3/developer/toolchains/gnu_arm/4.8_2013q4/bin/../lib/gcc/arm-none-eabi/4.8.3/../../../../arm-none-eabi/lib/armv7-m\libg_s.a(lib_a-ctype_.o)
 .ARM.attributes
                0x00000345       0x2d c:/siliconlabs/simplicitystudio/v3/developer/toolchains/gnu_arm/4.8_2013q4/bin/../lib/gcc/arm-none-eabi/4.8.3/../../../../arm-none-eabi/lib/armv7-m\libg_s.a(lib_a-errno.o)
 .ARM.attributes
                0x00000372       0x2d c:/siliconlabs/simplicitystudio/v3/developer/toolchains/gnu_arm/4.8_2013q4/bin/../lib/gcc/arm-none-eabi/4.8.3/../../../../arm-none-eabi/lib/armv7-m\libg_s.a(lib_a-findfp.o)
 .ARM.attributes
                0x0000039f       0x2d c:/siliconlabs/simplicitystudio/v3/developer/toolchains/gnu_arm/4.8_2013q4/bin/../lib/gcc/arm-none-eabi/4.8.3/../../../../arm-none-eabi/lib/armv7-m\libg_s.a(lib_a-impure.o)
 .ARM.attributes
                0x000003cc       0x2d c:/siliconlabs/simplicitystudio/v3/developer/toolchains/gnu_arm/4.8_2013q4/bin/../lib/gcc/arm-none-eabi/4.8.3/../../../../arm-none-eabi/lib/armv7-m\libg_s.a(lib_a-memcpy-stub.o)
 .ARM.attributes
                0x000003f9       0x2d c:/siliconlabs/simplicitystudio/v3/developer/toolchains/gnu_arm/4.8_2013q4/bin/../lib/gcc/arm-none-eabi/4.8.3/../../../../arm-none-eabi/lib/armv7-m\libg_s.a(lib_a-nano-mallocr.o)
 .ARM.attributes
                0x00000426       0x2d c:/siliconlabs/simplicitystudio/v3/developer/toolchains/gnu_arm/4.8_2013q4/bin/../lib/gcc/arm-none-eabi/4.8.3/../../../../arm-none-eabi/lib/armv7-m\libg_s.a(lib_a-sbrkr.o)
 .ARM.attributes
                0x00000453       0x1b c:/siliconlabs/simplicitystudio/v3/developer/toolchains/gnu_arm/4.8_2013q4/bin/../lib/gcc/arm-none-eabi/4.8.3/../../../../arm-none-eabi/lib/armv7-m\libg_s.a(lib_a-strcmp.o)
 .ARM.attributes
                0x0000046e       0x2d c:/siliconlabs/simplicitystudio/v3/developer/toolchains/gnu_arm/4.8_2013q4/bin/../lib/gcc/arm-none-eabi/4.8.3/../../../../arm-none-eabi/lib/armv7-m\libg_s.a(lib_a-strlen.o)
 .ARM.attributes
                0x0000049b       0x2d c:/siliconlabs/simplicitystudio/v3/developer/toolchains/gnu_arm/4.8_2013q4/bin/../lib/gcc/arm-none-eabi/4.8.3/../../../../arm-none-eabi/lib/armv7-m\libg_s.a(lib_a-vsnprintf.o)
 .ARM.attributes
                0x000004c8       0x2d c:/siliconlabs/simplicitystudio/v3/developer/toolchains/gnu_arm/4.8_2013q4/bin/../lib/gcc/arm-none-eabi/4.8.3/../../../../arm-none-eabi/lib/armv7-m\libg_s.a(lib_a-nano-freer.o)
 .ARM.attributes
                0x000004f5       0x2d c:/siliconlabs/simplicitystudio/v3/developer/toolchains/gnu_arm/4.8_2013q4/bin/../lib/gcc/arm-none-eabi/4.8.3/../../../../arm-none-eabi/lib/armv7-m\libg_s.a(lib_a-svfprintf.o)
 .ARM.attributes
                0x00000522       0x2d c:/siliconlabs/simplicitystudio/v3/developer/toolchains/gnu_arm/4.8_2013q4/bin/../lib/gcc/arm-none-eabi/4.8.3/../../../../arm-none-eabi/lib/armv7-m\libg_s.a(lib_a-vfprintf_i.o)
 .ARM.attributes
                0x0000054f       0x2d c:/siliconlabs/simplicitystudio/v3/developer/toolchains/gnu_arm/4.8_2013q4/bin/../lib/gcc/arm-none-eabi/4.8.3/../../../../arm-none-eabi/lib/armv7-m\libg_s.a(lib_a-memchr-stub.o)
 .ARM.attributes
                0x0000057c       0x2d c:/siliconlabs/simplicitystudio/v3/developer/toolchains/gnu_arm/4.8_2013q4/bin/../lib/gcc/arm-none-eabi/4.8.3/../../../../arm-none-eabi/lib/armv7-m\libg_s.a(lib_a-memmove.o)
 .ARM.attributes
                0x000005a9       0x2d c:/siliconlabs/simplicitystudio/v3/developer/toolchains/gnu_arm/4.8_2013q4/bin/../lib/gcc/arm-none-eabi/4.8.3/../../../../arm-none-eabi/lib/armv7-m\libg_s.a(lib_a-nano-reallocr.o)
 .ARM.attributes
                0x000005d6       0x2d c:/siliconlabs/simplicitystudio/v3/developer/toolchains/gnu_arm/4.8_2013q4/bin/../lib/gcc/arm-none-eabi/4.8.3/../../../../arm-none-eabi/lib/armv7-m\libg_s.a(lib_a-nano-msizer.o)

.stack          0x00000000      0x400
 .stack         0x00000000      0x400 ./system/src/OCTA/GCC/startup_efm32lg.o
                0x00000000                __StackLimit
                0x00000400                __StackTop

.heap           0x00000000        0x0
 .heap          0x00000000        0x0 ./system/src/OCTA/GCC/startup_efm32lg.o

.debug
 *(.debug)

.line
 *(.line)

.debug_srcinfo
 *(.debug_srcinfo)

.debug_sfnames
 *(.debug_sfnames)

.debug_aranges  0x00000000      0x530
 *(.debug_aranges)
 .debug_aranges
                0x00000000       0x20 ./system/src/newlib/_sbrk.o
 .debug_aranges
                0x00000020       0x40 ./system/src/newlib/_startup.o
 .debug_aranges
                0x00000060      0x120 ./system/src/newlib/_syscalls.o
 .debug_aranges
                0x00000180      0x100 ./system/src/emlib/em_cmu.o
 .debug_aranges
                0x00000280       0x38 ./system/src/emlib/em_gpio.o
 .debug_aranges
                0x000002b8       0x28 ./system/src/emlib/em_system.o
 .debug_aranges
                0x000002e0       0x38 ./system/src/diag/Trace.o
 .debug_aranges
                0x00000318       0x30 ./system/src/diag/trace_impl.o
 .debug_aranges
                0x00000348       0x28 ./system/src/cortexm/_initialize_hardware.o
 .debug_aranges
                0x00000370       0x88 ./system/src/cortexm/exception_handlers.o
 .debug_aranges
                0x000003f8       0x28 ./system/src/cmsis/system_OCTA.o
 .debug_aranges
                0x00000420       0x20 ./system/src/cmsis/vectors_OCTA.o
 .debug_aranges
                0x00000440       0x20 ./system/src/OCTA/GCC/startup_efm32lg.o
 .debug_aranges
                0x00000460       0x58 ./system/src/OCTA/system_efm32lg.o
 .debug_aranges
                0x000004b8       0x20 ./src/main.o
 .debug_aranges
                0x000004d8       0x58 ./src/utilities.o

.debug_pubnames
 *(.debug_pubnames)

.debug_info     0x00000000     0x747f
 *(.debug_info .gnu.linkonce.wi.*)
 .debug_info    0x00000000      0x125 ./system/src/newlib/_sbrk.o
 .debug_info    0x00000125      0x474 ./system/src/newlib/_startup.o
 .debug_info    0x00000599     0x1ee3 ./system/src/newlib/_syscalls.o
 .debug_info    0x0000247c     0x1890 ./system/src/emlib/em_cmu.o
 .debug_info    0x00003d0c      0x52d ./system/src/emlib/em_gpio.o
 .debug_info    0x00004239      0x220 ./system/src/emlib/em_system.o
 .debug_info    0x00004459      0x32b ./system/src/diag/Trace.o
 .debug_info    0x00004784      0x304 ./system/src/diag/trace_impl.o
 .debug_info    0x00004a88      0x294 ./system/src/cortexm/_initialize_hardware.o
 .debug_info    0x00004d1c      0x954 ./system/src/cortexm/exception_handlers.o
 .debug_info    0x00005670       0xd1 ./system/src/cmsis/system_OCTA.o
 .debug_info    0x00005741       0xd0 ./system/src/cmsis/vectors_OCTA.o
 .debug_info    0x00005811       0x86 ./system/src/OCTA/GCC/startup_efm32lg.o
 .debug_info    0x00005897      0x4cb ./system/src/OCTA/system_efm32lg.o
 .debug_info    0x00005d62      0x4d1 ./src/main.o
 .debug_info    0x00006233     0x124c ./src/utilities.o

.debug_abbrev   0x00000000     0x1ac4
 *(.debug_abbrev)
 .debug_abbrev  0x00000000       0xbb ./system/src/newlib/_sbrk.o
 .debug_abbrev  0x000000bb      0x1e9 ./system/src/newlib/_startup.o
 .debug_abbrev  0x000002a4      0x451 ./system/src/newlib/_syscalls.o
 .debug_abbrev  0x000006f5      0x33c ./system/src/emlib/em_cmu.o
 .debug_abbrev  0x00000a31      0x1d3 ./system/src/emlib/em_gpio.o
 .debug_abbrev  0x00000c04       0xf0 ./system/src/emlib/em_system.o
 .debug_abbrev  0x00000cf4      0x178 ./system/src/diag/Trace.o
 .debug_abbrev  0x00000e6c      0x1bd ./system/src/diag/trace_impl.o
 .debug_abbrev  0x00001029       0xea ./system/src/cortexm/_initialize_hardware.o
 .debug_abbrev  0x00001113      0x264 ./system/src/cortexm/exception_handlers.o
 .debug_abbrev  0x00001377       0x7b ./system/src/cmsis/system_OCTA.o
 .debug_abbrev  0x000013f2       0x9d ./system/src/cmsis/vectors_OCTA.o
 .debug_abbrev  0x0000148f       0x14 ./system/src/OCTA/GCC/startup_efm32lg.o
 .debug_abbrev  0x000014a3      0x178 ./system/src/OCTA/system_efm32lg.o
 .debug_abbrev  0x0000161b      0x1d2 ./src/main.o
 .debug_abbrev  0x000017ed      0x2d7 ./src/utilities.o

.debug_line     0x00000000     0x55ba
 *(.debug_line)
 .debug_line    0x00000000      0x2ac ./system/src/newlib/_sbrk.o
 .debug_line    0x000002ac      0x366 ./system/src/newlib/_startup.o
 .debug_line    0x00000612      0x89d ./system/src/newlib/_syscalls.o
 .debug_line    0x00000eaf      0xc02 ./system/src/emlib/em_cmu.o
 .debug_line    0x00001ab1      0x743 ./system/src/emlib/em_gpio.o
 .debug_line    0x000021f4      0x6f9 ./system/src/emlib/em_system.o
 .debug_line    0x000028ed      0x3ed ./system/src/diag/Trace.o
 .debug_line    0x00002cda      0x3da ./system/src/diag/trace_impl.o
 .debug_line    0x000030b4      0x2e7 ./system/src/cortexm/_initialize_hardware.o
 .debug_line    0x0000339b      0x534 ./system/src/cortexm/exception_handlers.o
 .debug_line    0x000038cf      0x2ca ./system/src/cmsis/system_OCTA.o
 .debug_line    0x00003b99      0x277 ./system/src/cmsis/vectors_OCTA.o
 .debug_line    0x00003e10       0x74 ./system/src/OCTA/GCC/startup_efm32lg.o
 .debug_line    0x00003e84      0x732 ./system/src/OCTA/system_efm32lg.o
 .debug_line    0x000045b6      0x734 ./src/main.o
 .debug_line    0x00004cea      0x8d0 ./src/utilities.o

.debug_frame    0x00000000      0xf40
 *(.debug_frame)
 .debug_frame   0x00000000       0x28 ./system/src/newlib/_sbrk.o
 .debug_frame   0x00000028       0x7c ./system/src/newlib/_startup.o
 .debug_frame   0x000000a4      0x38c ./system/src/newlib/_syscalls.o
 .debug_frame   0x00000430      0x250 ./system/src/emlib/em_cmu.o
 .debug_frame   0x00000680       0x70 ./system/src/emlib/em_gpio.o
 .debug_frame   0x000006f0       0x30 ./system/src/emlib/em_system.o
 .debug_frame   0x00000720       0x80 ./system/src/diag/Trace.o
 .debug_frame   0x000007a0       0x5c ./system/src/diag/trace_impl.o
 .debug_frame   0x000007fc       0x40 ./system/src/cortexm/_initialize_hardware.o
 .debug_frame   0x0000083c      0x148 ./system/src/cortexm/exception_handlers.o
 .debug_frame   0x00000984       0x30 ./system/src/cmsis/system_OCTA.o
 .debug_frame   0x000009b4       0x20 ./system/src/cmsis/vectors_OCTA.o
 .debug_frame   0x000009d4       0xa8 ./system/src/OCTA/system_efm32lg.o
 .debug_frame   0x00000a7c       0x2c ./src/main.o
 .debug_frame   0x00000aa8       0xa8 ./src/utilities.o
 .debug_frame   0x00000b50       0x20 c:/siliconlabs/simplicitystudio/v3/developer/toolchains/gnu_arm/4.8_2013q4/bin/../lib/gcc/arm-none-eabi/4.8.3/../../../../arm-none-eabi/lib/armv7-m\libg_s.a(lib_a-errno.o)
 .debug_frame   0x00000b70      0x12c c:/siliconlabs/simplicitystudio/v3/developer/toolchains/gnu_arm/4.8_2013q4/bin/../lib/gcc/arm-none-eabi/4.8.3/../../../../arm-none-eabi/lib/armv7-m\libg_s.a(lib_a-findfp.o)
 .debug_frame   0x00000c9c       0x28 c:/siliconlabs/simplicitystudio/v3/developer/toolchains/gnu_arm/4.8_2013q4/bin/../lib/gcc/arm-none-eabi/4.8.3/../../../../arm-none-eabi/lib/armv7-m\libg_s.a(lib_a-memcpy-stub.o)
 .debug_frame   0x00000cc4       0x2c c:/siliconlabs/simplicitystudio/v3/developer/toolchains/gnu_arm/4.8_2013q4/bin/../lib/gcc/arm-none-eabi/4.8.3/../../../../arm-none-eabi/lib/armv7-m\libg_s.a(lib_a-nano-mallocr.o)
 .debug_frame   0x00000cf0       0x2c c:/siliconlabs/simplicitystudio/v3/developer/toolchains/gnu_arm/4.8_2013q4/bin/../lib/gcc/arm-none-eabi/4.8.3/../../../../arm-none-eabi/lib/armv7-m\libg_s.a(lib_a-sbrkr.o)
 .debug_frame   0x00000d1c       0x20 c:/siliconlabs/simplicitystudio/v3/developer/toolchains/gnu_arm/4.8_2013q4/bin/../lib/gcc/arm-none-eabi/4.8.3/../../../../arm-none-eabi/lib/armv7-m\libg_s.a(lib_a-strlen.o)
 .debug_frame   0x00000d3c       0x4c c:/siliconlabs/simplicitystudio/v3/developer/toolchains/gnu_arm/4.8_2013q4/bin/../lib/gcc/arm-none-eabi/4.8.3/../../../../arm-none-eabi/lib/armv7-m\libg_s.a(lib_a-vsnprintf.o)
 .debug_frame   0x00000d88       0x2c c:/siliconlabs/simplicitystudio/v3/developer/toolchains/gnu_arm/4.8_2013q4/bin/../lib/gcc/arm-none-eabi/4.8.3/../../../../arm-none-eabi/lib/armv7-m\libg_s.a(lib_a-nano-freer.o)
 .debug_frame   0x00000db4       0x88 c:/siliconlabs/simplicitystudio/v3/developer/toolchains/gnu_arm/4.8_2013q4/bin/../lib/gcc/arm-none-eabi/4.8.3/../../../../arm-none-eabi/lib/armv7-m\libg_s.a(lib_a-svfprintf.o)
 .debug_frame   0x00000e3c       0x60 c:/siliconlabs/simplicitystudio/v3/developer/toolchains/gnu_arm/4.8_2013q4/bin/../lib/gcc/arm-none-eabi/4.8.3/../../../../arm-none-eabi/lib/armv7-m\libg_s.a(lib_a-vfprintf_i.o)
 .debug_frame   0x00000e9c       0x28 c:/siliconlabs/simplicitystudio/v3/developer/toolchains/gnu_arm/4.8_2013q4/bin/../lib/gcc/arm-none-eabi/4.8.3/../../../../arm-none-eabi/lib/armv7-m\libg_s.a(lib_a-memchr-stub.o)
 .debug_frame   0x00000ec4       0x2c c:/siliconlabs/simplicitystudio/v3/developer/toolchains/gnu_arm/4.8_2013q4/bin/../lib/gcc/arm-none-eabi/4.8.3/../../../../arm-none-eabi/lib/armv7-m\libg_s.a(lib_a-memmove.o)
 .debug_frame   0x00000ef0       0x30 c:/siliconlabs/simplicitystudio/v3/developer/toolchains/gnu_arm/4.8_2013q4/bin/../lib/gcc/arm-none-eabi/4.8.3/../../../../arm-none-eabi/lib/armv7-m\libg_s.a(lib_a-nano-reallocr.o)
 .debug_frame   0x00000f20       0x20 c:/siliconlabs/simplicitystudio/v3/developer/toolchains/gnu_arm/4.8_2013q4/bin/../lib/gcc/arm-none-eabi/4.8.3/../../../../arm-none-eabi/lib/armv7-m\libg_s.a(lib_a-nano-msizer.o)

.debug_str      0x00000000    0xd82d9
 *(.debug_str)
 .debug_str     0x00000000     0x431c ./system/src/newlib/_sbrk.o
                               0x4434 (size before relaxing)
 .debug_str     0x0000431c      0x9b8 ./system/src/newlib/_startup.o
                               0x3dc7 (size before relaxing)
 .debug_str     0x00004cd4     0x3fc8 ./system/src/newlib/_syscalls.o
                               0x8c70 (size before relaxing)
 .debug_str     0x00008c9c    0xce233 ./system/src/emlib/em_cmu.o
                              0xd1887 (size before relaxing)
 .debug_str     0x000d6ecf      0x3bb ./system/src/emlib/em_gpio.o
                              0xd0afe (size before relaxing)
 .debug_str     0x000d728a       0xd2 ./system/src/emlib/em_system.o
                              0xd07db (size before relaxing)
 .debug_str     0x000d735c      0x198 ./system/src/diag/Trace.o
                               0x6d4f (size before relaxing)
 .debug_str     0x000d74f4      0x33b ./system/src/diag/trace_impl.o
                               0x9189 (size before relaxing)
 .debug_str     0x000d782f       0xb2 ./system/src/cortexm/_initialize_hardware.o
                               0x771f (size before relaxing)
 .debug_str     0x000d78e1      0x1eb ./system/src/cortexm/exception_handlers.o
                               0xae02 (size before relaxing)
 .debug_str     0x000d7acc       0x8c ./system/src/cmsis/system_OCTA.o
                               0x76cb (size before relaxing)
 .debug_str     0x000d7b58       0x52 ./system/src/cmsis/vectors_OCTA.o
                               0x31ee (size before relaxing)
 .debug_str     0x000d7baa       0xeb ./system/src/OCTA/system_efm32lg.o
                              0xd0964 (size before relaxing)
 .debug_str     0x000d7c95      0x1df ./src/main.o
                              0xd1123 (size before relaxing)
 .debug_str     0x000d7e74      0x465 ./src/utilities.o
                              0xd18c0 (size before relaxing)

.debug_loc      0x00000000     0x41f0
 *(.debug_loc)
 .debug_loc     0x00000000       0x6b ./system/src/newlib/_sbrk.o
 .debug_loc     0x0000006b      0x265 ./system/src/newlib/_startup.o
 .debug_loc     0x000002d0     0x12a9 ./system/src/newlib/_syscalls.o
 .debug_loc     0x00001579     0x1ae1 ./system/src/emlib/em_cmu.o
 .debug_loc     0x0000305a      0x255 ./system/src/emlib/em_gpio.o
 .debug_loc     0x000032af       0xcd ./system/src/emlib/em_system.o
 .debug_loc     0x0000337c       0xf7 ./system/src/diag/Trace.o
 .debug_loc     0x00003473      0x17c ./system/src/diag/trace_impl.o
 .debug_loc     0x000035ef      0x428 ./system/src/cortexm/exception_handlers.o
 .debug_loc     0x00003a17       0x97 ./system/src/OCTA/system_efm32lg.o
 .debug_loc     0x00003aae       0x13 ./src/main.o
 .debug_loc     0x00003ac1      0x72f ./src/utilities.o

.debug_macinfo
 *(.debug_macinfo)

.debug_weaknames
 *(.debug_weaknames)

.debug_funcnames
 *(.debug_funcnames)

.debug_typenames
 *(.debug_typenames)

.debug_varnames
 *(.debug_varnames)
OUTPUT(OCTA-LedTest.elf elf32-littlearm)

.debug_ranges   0x00000000      0x498
 .debug_ranges  0x00000000       0x10 ./system/src/newlib/_sbrk.o
 .debug_ranges  0x00000010       0x48 ./system/src/newlib/_startup.o
 .debug_ranges  0x00000058      0x140 ./system/src/newlib/_syscalls.o
 .debug_ranges  0x00000198       0xf0 ./system/src/emlib/em_cmu.o
 .debug_ranges  0x00000288       0x28 ./system/src/emlib/em_gpio.o
 .debug_ranges  0x000002b0       0x18 ./system/src/emlib/em_system.o
 .debug_ranges  0x000002c8       0x28 ./system/src/diag/Trace.o
 .debug_ranges  0x000002f0       0x38 ./system/src/diag/trace_impl.o
 .debug_ranges  0x00000328       0x18 ./system/src/cortexm/_initialize_hardware.o
 .debug_ranges  0x00000340       0x90 ./system/src/cortexm/exception_handlers.o
 .debug_ranges  0x000003d0       0x18 ./system/src/cmsis/system_OCTA.o
 .debug_ranges  0x000003e8       0x10 ./system/src/cmsis/vectors_OCTA.o
 .debug_ranges  0x000003f8       0x48 ./system/src/OCTA/system_efm32lg.o
 .debug_ranges  0x00000440       0x10 ./src/main.o
 .debug_ranges  0x00000450       0x48 ./src/utilities.o

.debug_macro    0x00000000     0x3b39
 .debug_macro   0x00000000       0xd1 ./system/src/newlib/_sbrk.o
 .debug_macro   0x000000d1       0x19 ./system/src/newlib/_sbrk.o
 .debug_macro   0x000000ea      0x16d ./system/src/newlib/_sbrk.o
 .debug_macro   0x00000257       0x10 ./system/src/newlib/_sbrk.o
 .debug_macro   0x00000267      0x23b ./system/src/newlib/_sbrk.o
 .debug_macro   0x000004a2       0xe1 ./system/src/newlib/_startup.o
 .debug_macro   0x00000583      0x20e ./system/src/newlib/_startup.o
 .debug_macro   0x00000791      0x235 ./system/src/newlib/_syscalls.o
 .debug_macro   0x000009c6      0x214 ./system/src/newlib/_syscalls.o
 .debug_macro   0x00000bda       0x10 ./system/src/newlib/_syscalls.o
 .debug_macro   0x00000bea       0x10 ./system/src/newlib/_syscalls.o
 .debug_macro   0x00000bfa       0x10 ./system/src/newlib/_syscalls.o
 .debug_macro   0x00000c0a       0x34 ./system/src/newlib/_syscalls.o
 .debug_macro   0x00000c3e      0x120 ./system/src/newlib/_syscalls.o
 .debug_macro   0x00000d5e      0x18e ./system/src/newlib/_syscalls.o
 .debug_macro   0x00000eec       0x10 ./system/src/newlib/_syscalls.o
 .debug_macro   0x00000efc       0x1c ./system/src/newlib/_syscalls.o
 .debug_macro   0x00000f18       0x10 ./system/src/newlib/_syscalls.o
 .debug_macro   0x00000f28       0x16 ./system/src/newlib/_syscalls.o
 .debug_macro   0x00000f3e      0x16c ./system/src/newlib/_syscalls.o
 .debug_macro   0x000010aa      0x283 ./system/src/newlib/_syscalls.o
 .debug_macro   0x0000132d       0x10 ./system/src/newlib/_syscalls.o
 .debug_macro   0x0000133d       0x1f ./system/src/newlib/_syscalls.o
 .debug_macro   0x0000135c       0x22 ./system/src/newlib/_syscalls.o
 .debug_macro   0x0000137e      0x241 ./system/src/newlib/_syscalls.o
 .debug_macro   0x000015bf       0x16 ./system/src/newlib/_syscalls.o
 .debug_macro   0x000015d5       0x3a ./system/src/newlib/_syscalls.o
 .debug_macro   0x0000160f       0xac ./system/src/newlib/_syscalls.o
 .debug_macro   0x000016bb      0x13a ./system/src/newlib/_syscalls.o
 .debug_macro   0x000017f5       0x16 ./system/src/newlib/_syscalls.o
 .debug_macro   0x0000180b       0x22 ./system/src/newlib/_syscalls.o
 .debug_macro   0x0000182d      0x2b9 ./system/src/emlib/em_cmu.o
 .debug_macro   0x00001ae6       0x1f ./system/src/emlib/em_cmu.o
 .debug_macro   0x00001b05      0x294 ./system/src/emlib/em_gpio.o
 .debug_macro   0x00001d99      0x27f ./system/src/emlib/em_system.o
 .debug_macro   0x00002018      0x16d ./system/src/diag/Trace.o
 .debug_macro   0x00002185       0x52 ./system/src/diag/Trace.o
 .debug_macro   0x000021d7      0x158 ./system/src/diag/trace_impl.o
 .debug_macro   0x0000232f       0x2b ./system/src/diag/trace_impl.o
 .debug_macro   0x0000235a      0xb80 ./system/src/diag/trace_impl.o
 .debug_macro   0x00002eda       0x43 ./system/src/diag/trace_impl.o
 .debug_macro   0x00002f1d       0xbb ./system/src/cortexm/_initialize_hardware.o
 .debug_macro   0x00002fd8      0x1bb ./system/src/cortexm/exception_handlers.o
 .debug_macro   0x00003193       0xc3 ./system/src/cmsis/system_OCTA.o
 .debug_macro   0x00003256       0x74 ./system/src/cmsis/vectors_OCTA.o
 .debug_macro   0x000032ca      0x275 ./system/src/OCTA/system_efm32lg.o
 .debug_macro   0x0000353f      0x2be ./src/main.o
 .debug_macro   0x000037fd       0x7c ./src/main.o
 .debug_macro   0x00003879      0x2c0 ./src/utilities.o
